BREW — Mass Patch Uang Masuk (Kas Besar → Bank BCA)
Mode       : 🔍 DRY RUN — tidak ada yang disimpan
Filter tgl : Tanggal 2025-02-11 (tanggal di keterangan jurnal)
Filter toko: LA.PIAZZA
Dijalankan : 17-04-2026, 11.59.09 WIB
Log file   : /Users/questmotors/strada-brew/scripts/finance/logs/mass_patch_uang_masuk_20260417_115909.log

Tabel remap DEBIT:
  1000.01.01   → 1000.02.01
  1000.01.10   → 1000.02.06
  1000.01.11   → 1000.02.04
  1000.01.12   → 1000.02.07
  1000.01.13   → 1000.02.08
  1000.01.14   → 1000.02.04

Menghubungkan ke Accurate...
✅ Terhubung. Session: a06e43cd-cf3a-417e-a6ef-f90e75576f3f

──────────────────────────────────────────────────────────────────────
FASE 1 — AMBIL DAFTAR JURNAL
──────────────────────────────────────────────────────────────────────
Mencari jurnal dengan keyword: "BREW - UANG MASUK" (tanggal: 2025-02-11 s/d 2025-02-11) ...
  Halaman 1: 20 total, 0 cocok (kumulatif: 0)

Total jurnal ditemukan: 0
Tidak ada jurnal yang perlu diproses.
