BREW — Mass Patch Uang Masuk (Kas Besar → Bank BCA)
Mode       : 🔍 DRY RUN — tidak ada yang disimpan
Filter tgl : Tanggal 2025-02-11 (tanggal di keterangan jurnal)
Filter toko: LA.PIAZZA
Dijalankan : 17-04-2026, 12.08.38 WIB
Log file   : /Users/questmotors/strada-brew/scripts/finance/logs/mass_patch_uang_masuk_20260417_120838.log

Tabel remap DEBIT:
  1000.01.01   → 1000.02.01
  1000.01.10   → 1000.02.06
  1000.01.11   → 1000.02.04
  1000.01.12   → 1000.02.07
  1000.01.13   → 1000.02.08
  1000.01.14   → 1000.02.04

Menghubungkan ke Accurate...
✅ Terhubung. Session: a06e43cd-cf3a-417e-a6ef-f90e75576f3f

──────────────────────────────────────────────────────────────────────
FASE 1 — AMBIL DAFTAR JURNAL
──────────────────────────────────────────────────────────────────────
Mencari jurnal dengan keyword: "BREW - UANG MASUK" (tanggal: 2025-02-11 s/d 2025-02-11) ...
  Halaman 1: 100 total, 0 cocok (kumulatif: 0)
  Halaman 2: 100 total, 0 cocok (kumulatif: 0)
  Halaman 3: 100 total, 0 cocok (kumulatif: 0)
  Halaman 4: 100 total, 0 cocok (kumulatif: 0)
  Halaman 5: 100 total, 0 cocok (kumulatif: 0)
  Halaman 6: 100 total, 0 cocok (kumulatif: 0)
  Halaman 7: 100 total, 0 cocok (kumulatif: 0)
  Halaman 8: 100 total, 0 cocok (kumulatif: 0)
  Halaman 9: 100 total, 0 cocok (kumulatif: 0)
  Halaman 10: 100 total, 0 cocok (kumulatif: 0)
  Halaman 11: 100 total, 0 cocok (kumulatif: 0)
  Halaman 12: 100 total, 0 cocok (kumulatif: 0)
  Halaman 13: 100 total, 0 cocok (kumulatif: 0)
  Halaman 14: 100 total, 1 cocok (kumulatif: 1)
  Halaman 15: 6 total, 0 cocok (kumulatif: 1)

Total jurnal ditemukan: 1

──────────────────────────────────────────────────────────────────────
FASE 2 — PREVIEW (ambil detail & identifikasi perubahan)
──────────────────────────────────────────────────────────────────────

  [DEBUG] Raw detailJournalVoucher for 85335:
[
  {
    "glPeriod": 2,
    "departmentId": null,
    "optLock": 0,
    "vendorId": null,
    "project": null,
    "memo": "BREW - UANG MASUK STRADA LA.PIAZZA 11/02/2025",
    "employee": null,
    "branch": {
      "optLock": 0,
      "posTableCount3": null,
      "posTableCount4": null,
      "posTableCount1": null,
      "posTableCount2": null,
      "posWarehouseId": null,
      "posServiceChargeValue": null,
      "locationId": 50,
      "posRoundingType": null,
      "posTableArea2": null,
      "posTableArea1": null,
      "id": 50,
      "posEnableTakeAway": false,
      "posTableArea5": null,
      "posTableArea4": null,
      "posTaxable": false,
      "posTableArea3": null,
      "posBranchCode": null,
      "posServiceChargeType": null,
      "defaultBranch": true,
      "suspended": false,
      "posTableCount5": null,
      "phoneNumber": null,
      "posEnableDelivery": false,
      "name": "Kantor Pusat",
      "userRoleId": null,
      "nitku": null
    },
    "receiveItem": null,
    "uniqueCostCenter": null,
    "subsidiaryName": "",
    "recalcCost": false,
    "id": 186094,
    "glAccount": {
      "bankAccount": null,
      "bankAccountName": null,
      "bankCode": null,
      "no": "1000.02.01",
      "sub": true,
      "parent": {
        "bankAccount": null,
        "bankAccountName": null,
        "bankCode": null,
        "no": "1000.02",
        "sub": false,
        "parent": {
          "bankAccount": null,
          "bankAccountName": null,
          "bankCode": null,
          "no": null,
          "sub": false,
          "parent": null,
          "lvl": 0,
          "accountType": null,
          "optLock": 0,
          "memo": null,
          "accountTypeName": "",
          "parentNode": true,
          "nameWithIndent": "Root",
          "suspended": false,
          "autoNumberTransactionId": null,
          "nameWithIndentStrip": "Root",
          "fiscal": false,
          "noWithIndent": "null",
          "name": "Root",
          "id": 50,
          "currencyId": null
        },
        "lvl": 1,
        "accountType": "CASH_BANK",
        "optLock": 4,
        "memo": null,
        "accountTypeName": "Kas & Bank",
        "parentNode": true,
        "nameWithIndent": "Bank",
        "suspended": false,
        "autoNumberTransactionId": 98,
        "nameWithIndentStrip": "Bank",
        "fiscal": false,
        "noWithIndent": "1000.02",
        "name": "Bank",
        "id": 68,
        "currencyId": 50
      },
      "lvl": 2,
      "accountType": "CASH_BANK",
      "optLock": 3,
      "memo": null,
      "accountTypeName": "Kas & Bank",
      "parentNode": false,
      "nameWithIndent": "&nbsp;&nbsp;&nbsp;&nbsp;Bank BCA LPZ 4281688817",
      "suspended": false,
      "autoNumberTransactionId": 152,
      "nameWithIndentStrip": "- Bank BCA LPZ 4281688817",
      "fiscal": false,
      "noWithIndent": "&nbsp;&nbsp;&nbsp;&nbsp;1000.02.01",
      "name": "Bank BCA LPZ 4281688817",
      "currency": {
        "defaultArAccountId": 57,
        "symbol": "Rp",
        "code": "IDR",
        "defaultSalesDiscAccountId": 60,
        "optLock": 7,
        "currencyConverterType": "TO_LOCAL",
        "defaultAdvSalesAccountId": 59,
        "exchangeRateSymbolCode": "Rp",
        "defaultAdvPurchaseAccountId": 58,
        "defaultRealizeGlAccountId": 61,
        "name": "Indonesian Rupiah",
        "codeSymbol": "IDR Rp",
        "id": 50,
        "defaultApAccountId": 56,
        "defaultUnrealizeGlAccountId": 62,
        "converterTypeName": "1 IDR=XXX IDR"
      },
      "id": 152,
      "currencyId": 50
    },
    "dataClassification8Id": null,
    "glYear": 2025,
    "dataClassification6Id": null,
    "primeAmount": 10537745.01,
    "workOrder": null,
    "dataClassification1": null,
    "amountType": "DEBIT",
    "branchId": 50,
    "dataClassification3Id": null,
    "dataClassification3": null,
    "dataClassification1Id": null,
    "reconciled": false,
    "dataClassification2": null,
    "dataClassification5": null,
    "dataClassification4": null,
    "dataClassification7": null,
    "dataClassification6": null,
    "dataClassification9": null,
    "dataClassification8": null,
    "debitAmount": 10537745.01,
    "baseAmount": 10537745.01,
    "fixedAssetId": null,
    "workOrderId": null,
    "creditAmount": null,
    "projectId": null,
    "dataClassification10": null,
    "journalId": 85335,
    "glAccountId": 152,
    "description": null,
    "transactionDateView": "12 Feb 2025",
    "rate": 1,
    "vendor": null,
    "customerId": null,
    "dataClassification10Id": null,
    "dataClassification9Id": null,
    "department": null,
    "dataClassification7Id": null,
    "seq": 1,
    "refJournalId": null,
    "dataClassification5Id": null,
    "dataClassification4Id": null,
    "dataClassification2Id": null,
    "amount": 10537745.01,
    "employeeId": null,
    "transactionDate": "12/02/2025",
    "deleted": false,
    "countDelete": 1,
    "accountNameRef": "Bank BCA LPZ 4281688817",
    "receiveItemId": null,
    "accountNoRef": "1000.02.01",
    "customer": null
  },
  {
    "glPeriod": 2,
    "departmentId": null,
    "optLock": 0,
    "vendorId": null,
    "project": null,
    "memo": "BREW - UANG MASUK STRADA LA.PIAZZA 11/02/2025",
    "employee": null,
    "branch": {
      "optLock": 0,
      "posTableCount3": null,
      "posTableCount4": null,
      "posTableCount1": null,
      "posTableCount2": null,
      "posWarehouseId": null,
      "posServiceChargeValue": null,
      "locationId": 50,
      "posRoundingType": null,
      "posTableArea2": null,
      "posTableArea1": null,
      "id": 50,
      "posEnableTakeAway": false,
      "posTableArea5": null,
      "posTableArea4": null,
      "posTaxable": false,
      "posTableArea3": null,
      "posBranchCode": null,
      "posServiceChargeType": null,
      "defaultBranch": true,
      "suspended": false,
      "posTableCount5": null,
      "phoneNumber": null,
      "posEnableDelivery": false,
      "name": "Kantor Pusat",
      "userRoleId": null,
      "nitku": null
    },
    "receiveItem": null,
    "uniqueCostCenter": null,
    "subsidiaryName": "",
    "recalcCost": false,
    "id": 186095,
    "glAccount": {
      "bankAccount": null,
      "bankAccountName": null,
      "bankCode": null,
      "no": "1000.01.01",
      "sub": true,
      "parent": {
        "bankAccount": null,
        "bankAccountName": null,
        "bankCode": null,
        "no": "1000.01",
        "sub": false,
        "parent": {
          "bankAccount": null,
          "bankAccountName": null,
          "bankCode": null,
          "no": null,
          "sub": false,
          "parent": null,
          "lvl": 0,
          "accountType": null,
          "optLock": 0,
          "memo": null,
          "accountTypeName": "",
          "parentNode": true,
          "nameWithIndent": "Root",
          "suspended": false,
          "autoNumberTransactionId": null,
          "nameWithIndentStrip": "Root",
          "fiscal": false,
          "noWithIndent": "null",
          "name": "Root",
          "id": 50,
          "currencyId": null
        },
        "lvl": 1,
        "accountType": "CASH_BANK",
        "optLock": 2,
        "memo": null,
        "accountTypeName": "Kas & Bank",
        "parentNode": true,
        "nameWithIndent": "Kas",
        "suspended": false,
        "autoNumberTransactionId": 150,
        "nameWithIndentStrip": "Kas",
        "fiscal": false,
        "noWithIndent": "1000.01",
        "name": "Kas",
        "id": 150,
        "currencyId": 50
      },
      "lvl": 2,
      "accountType": "CASH_BANK",
      "optLock": 1,
      "memo": null,
      "accountTypeName": "Kas & Bank",
      "parentNode": false,
      "nameWithIndent": "&nbsp;&nbsp;&nbsp;&nbsp;Kas Besar LPZ",
      "suspended": false,
      "autoNumberTransactionId": 151,
      "nameWithIndentStrip": "- Kas Besar LPZ",
      "fiscal": false,
      "noWithIndent": "&nbsp;&nbsp;&nbsp;&nbsp;1000.01.01",
      "name": "Kas Besar LPZ",
      "currency": {
        "defaultArAccountId": 57,
        "symbol": "Rp",
        "code": "IDR",
        "defaultSalesDiscAccountId": 60,
        "optLock": 7,
        "currencyConverterType": "TO_LOCAL",
        "defaultAdvSalesAccountId": 59,
        "exchangeRateSymbolCode": "Rp",
        "defaultAdvPurchaseAccountId": 58,
        "defaultRealizeGlAccountId": 61,
        "name": "Indonesian Rupiah",
        "codeSymbol": "IDR Rp",
        "id": 50,
        "defaultApAccountId": 56,
        "defaultUnrealizeGlAccountId": 62,
        "converterTypeName": "1 IDR=XXX IDR"
      },
      "id": 151,
      "currencyId": 50
    },
    "dataClassification8Id": null,
    "glYear": 2025,
    "dataClassification6Id": null,
    "primeAmount": 18965,
    "workOrder": null,
    "dataClassification1": null,
    "amountType": "DEBIT",
    "branchId": 50,
    "dataClassification3Id": null,
    "dataClassification3": null,
    "dataClassification1Id": null,
    "reconciled": false,
    "dataClassification2": null,
    "dataClassification5": null,
    "dataClassification4": null,
    "dataClassification7": null,
    "dataClassification6": null,
    "dataClassification9": null,
    "dataClassification8": null,
    "debitAmount": 18965,
    "baseAmount": 18965,
    "fixedAssetId": null,
    "workOrderId": null,
    "creditAmount": null,
    "projectId": null,
    "dataClassification10": null,
    "journalId": 85335,
    "glAccountId": 151,
    "description": null,
    "transactionDateView": "12 Feb 2025",
    "rate": 1,
    "vendor": null,
    "customerId": null,
    "dataClassification10Id": null,
    "dataClassification9Id": null,
    "department": null,
    "dataClassification7Id": null,
    "seq": 2,
    "refJournalId": null,
    "dataClassification5Id": null,
    "dataClassification4Id": null,
    "dataClassification2Id": null,
    "amount": 18965,
    "employeeId": null,
    "transactionDate": "12/02/2025",
    "deleted": false,
    "countDelete": 1,
    "accountNameRef": "Kas Besar LPZ",
    "receiveItemId": null,
    "accountNoRef": "1000.01.01",
    "customer": null
  },
  {
    "glPeriod": 2,
    "departmentId": null,
    "optLock": 0,
    "vendorId": null,
    "project": null,
    "memo": "BREW - UANG MASUK STRADA LA.PIAZZA 11/02/2025",
    "employee": null,
    "branch": {
      "optLock": 0,
      "posTableCount3": null,
      "posTableCount4": null,
      "posTableCount1": null,
      "posTableCount2": null,
      "posWarehouseId": null,
      "posServiceChargeValue": null,
      "locationId": 50,
      "posRoundingType": null,
      "posTableArea2": null,
      "posTableArea1": null,
      "id": 50,
      "posEnableTakeAway": false,
      "posTableArea5": null,
      "posTableArea4": null,
      "posTaxable": false,
      "posTableArea3": null,
      "posBranchCode": null,
      "posServiceChargeType": null,
      "defaultBranch": true,
      "suspended": false,
      "posTableCount5": null,
      "phoneNumber": null,
      "posEnableDelivery": false,
      "name": "Kantor Pusat",
      "userRoleId": null,
      "nitku": null
    },
    "receiveItem": null,
    "uniqueCostCenter": null,
    "subsidiaryName": "",
    "recalcCost": false,
    "id": 186096,
    "glAccount": {
      "bankAccount": null,
      "bankAccountName": null,
      "bankCode": null,
      "no": "6000.01.08",
      "sub": true,
      "parent": {
        "bankAccount": null,
        "bankAccountName": null,
        "bankCode": null,
        "no": "6000.01",
        "sub": true,
        "parent": {
          "bankAccount": null,
          "bankAccountName": null,
          "bankCode": null,
          "no": "6000",
          "sub": false,
          "parent": {
            "bankAccount": null,
            "bankAccountName": null,
            "bankCode": null,
            "no": null,
            "sub": false,
            "parent": null,
            "lvl": 0,
            "accountType": null,
            "optLock": 0,
            "memo": null,
            "accountTypeName": "",
            "parentNode": true,
            "nameWithIndent": "Root",
            "suspended": false,
            "autoNumberTransactionId": null,
            "nameWithIndentStrip": "Root",
            "fiscal": false,
            "noWithIndent": "null",
            "name": "Root",
            "id": 50,
            "currencyId": null
          },
          "lvl": 1,
          "accountType": "EXPENSE",
          "optLock": 0,
          "memo": null,
          "accountTypeName": "Beban",
          "parentNode": true,
          "nameWithIndent": "Beban Operasional",
          "suspended": false,
          "autoNumberTransactionId": null,
          "nameWithIndentStrip": "Beban Operasional",
          "fiscal": false,
          "noWithIndent": "6000",
          "name": "Beban Operasional",
          "id": 103,
          "currencyId": 50
        },
        "lvl": 2,
        "accountType": "EXPENSE",
        "optLock": 0,
        "memo": null,
        "accountTypeName": "Beban",
        "parentNode": true,
        "nameWithIndent": "&nbsp;&nbsp;&nbsp;&nbsp;Biaya Umum & Administrasi",
        "suspended": false,
        "autoNumberTransactionId": null,
        "nameWithIndentStrip": "- Biaya Umum & Administrasi",
        "fiscal": true,
        "noWithIndent": "&nbsp;&nbsp;&nbsp;&nbsp;6000.01",
        "name": "Biaya Umum & Administrasi",
        "id": 156,
        "currencyId": 50
      },
      "lvl": 3,
      "accountType": "EXPENSE",
      "optLock": 2,
      "memo": null,
      "accountTypeName": "Beban",
      "parentNode": false,
      "nameWithIndent": "&nbsp;&nbsp;&nbsp;&nbsp;&nbsp;&nbsp;&nbsp;&nbsp;Biaya Admin Bank",
      "suspended": false,
      "autoNumberTransactionId": null,
      "nameWithIndentStrip": "- - Biaya Admin Bank",
      "fiscal": false,
      "noWithIndent": "&nbsp;&nbsp;&nbsp;&nbsp;&nbsp;&nbsp;&nbsp;&nbsp;6000.01.08",
      "name": "Biaya Admin Bank",
      "currency": {
        "defaultArAccountId": 57,
        "symbol": "Rp",
        "code": "IDR",
        "defaultSalesDiscAccountId": 60,
        "optLock": 7,
        "currencyConverterType": "TO_LOCAL",
        "defaultAdvSalesAccountId": 59,
        "exchangeRateSymbolCode": "Rp",
        "defaultAdvPurchaseAccountId": 58,
        "defaultRealizeGlAccountId": 61,
        "name": "Indonesian Rupiah",
        "codeSymbol": "IDR Rp",
        "id": 50,
        "defaultApAccountId": 56,
        "defaultUnrealizeGlAccountId": 62,
        "converterTypeName": "1 IDR=XXX IDR"
      },
      "id": 105,
      "currencyId": 50
    },
    "dataClassification8Id": null,
    "glYear": 2025,
    "dataClassification6Id": null,
    "primeAmount": 93059.99,
    "workOrder": null,
    "dataClassification1": null,
    "amountType": "DEBIT",
    "branchId": 50,
    "dataClassification3Id": null,
    "dataClassification3": null,
    "dataClassification1Id": null,
    "reconciled": false,
    "dataClassification2": null,
    "dataClassification5": null,
    "dataClassification4": null,
    "dataClassification7": null,
    "dataClassification6": null,
    "dataClassification9": null,
    "dataClassification8": null,
    "debitAmount": 93059.99,
    "baseAmount": 93059.99,
    "fixedAssetId": null,
    "workOrderId": null,
    "creditAmount": null,
    "projectId": null,
    "dataClassification10": null,
    "journalId": 85335,
    "glAccountId": 105,
    "description": null,
    "transactionDateView": "12 Feb 2025",
    "rate": 1,
    "vendor": null,
    "customerId": null,
    "dataClassification10Id": null,
    "dataClassification9Id": null,
    "department": null,
    "dataClassification7Id": null,
    "seq": 3,
    "refJournalId": null,
    "dataClassification5Id": null,
    "dataClassification4Id": null,
    "dataClassification2Id": null,
    "amount": 93059.99,
    "employeeId": null,
    "transactionDate": "12/02/2025",
    "deleted": false,
    "countDelete": 1,
    "accountNameRef": "Biaya Admin Bank",
    "receiveItemId": null,
    "accountNoRef": "6000.01.08",
    "customer": null
  },
  {
    "glPeriod": 2,
    "departmentId": null,
    "optLock": 0,
    "vendorId": null,
    "project": null,
    "memo": "BREW - UANG MASUK STRADA LA.PIAZZA 11/02/2025",
    "employee": null,
    "branch": {
      "optLock": 0,
      "posTableCount3": null,
      "posTableCount4": null,
      "posTableCount1": null,
      "posTableCount2": null,
      "posWarehouseId": null,
      "posServiceChargeValue": null,
      "locationId": 50,
      "posRoundingType": null,
      "posTableArea2": null,
      "posTableArea1": null,
      "id": 50,
      "posEnableTakeAway": false,
      "posTableArea5": null,
      "posTableArea4": null,
      "posTaxable": false,
      "posTableArea3": null,
      "posBranchCode": null,
      "posServiceChargeType": null,
      "defaultBranch": true,
      "suspended": false,
      "posTableCount5": null,
      "phoneNumber": null,
      "posEnableDelivery": false,
      "name": "Kantor Pusat",
      "userRoleId": null,
      "nitku": null
    },
    "receiveItem": null,
    "uniqueCostCenter": null,
    "subsidiaryName": "",
    "recalcCost": false,
    "id": 186097,
    "glAccount": {
      "bankAccount": null,
      "bankAccountName": null,
      "bankCode": null,
      "no": "6000.01.36",
      "sub": true,
      "parent": {
        "bankAccount": null,
        "bankAccountName": null,
        "bankCode": null,
        "no": "6000.01",
        "sub": true,
        "parent": {
          "bankAccount": null,
          "bankAccountName": null,
          "bankCode": null,
          "no": "6000",
          "sub": false,
          "parent": {
            "bankAccount": null,
            "bankAccountName": null,
            "bankCode": null,
            "no": null,
            "sub": false,
            "parent": null,
            "lvl": 0,
            "accountType": null,
            "optLock": 0,
            "memo": null,
            "accountTypeName": "",
            "parentNode": true,
            "nameWithIndent": "Root",
            "suspended": false,
            "autoNumberTransactionId": null,
            "nameWithIndentStrip": "Root",
            "fiscal": false,
            "noWithIndent": "null",
            "name": "Root",
            "id": 50,
            "currencyId": null
          },
          "lvl": 1,
          "accountType": "EXPENSE",
          "optLock": 0,
          "memo": null,
          "accountTypeName": "Beban",
          "parentNode": true,
          "nameWithIndent": "Beban Operasional",
          "suspended": false,
          "autoNumberTransactionId": null,
          "nameWithIndentStrip": "Beban Operasional",
          "fiscal": false,
          "noWithIndent": "6000",
          "name": "Beban Operasional",
          "id": 103,
          "currencyId": 50
        },
        "lvl": 2,
        "accountType": "EXPENSE",
        "optLock": 0,
        "memo": null,
        "accountTypeName": "Beban",
        "parentNode": true,
        "nameWithIndent": "&nbsp;&nbsp;&nbsp;&nbsp;Biaya Umum & Administrasi",
        "suspended": false,
        "autoNumberTransactionId": null,
        "nameWithIndentStrip": "- Biaya Umum & Administrasi",
        "fiscal": true,
        "noWithIndent": "&nbsp;&nbsp;&nbsp;&nbsp;6000.01",
        "name": "Biaya Umum & Administrasi",
        "id": 156,
        "currencyId": 50
      },
      "lvl": 3,
      "accountType": "EXPENSE",
      "optLock": 0,
      "memo": null,
      "accountTypeName": "Beban",
      "parentNode": false,
      "nameWithIndent": "&nbsp;&nbsp;&nbsp;&nbsp;&nbsp;&nbsp;&nbsp;&nbsp;Biaya Penjualan Merchant Online",
      "suspended": false,
      "autoNumberTransactionId": null,
      "nameWithIndentStrip": "- - Biaya Penjualan Merchant Online",
      "fiscal": true,
      "noWithIndent": "&nbsp;&nbsp;&nbsp;&nbsp;&nbsp;&nbsp;&nbsp;&nbsp;6000.01.36",
      "name": "Biaya Penjualan Merchant Online",
      "currency": {
        "defaultArAccountId": 57,
        "symbol": "Rp",
        "code": "IDR",
        "defaultSalesDiscAccountId": 60,
        "optLock": 7,
        "currencyConverterType": "TO_LOCAL",
        "defaultAdvSalesAccountId": 59,
        "exchangeRateSymbolCode": "Rp",
        "defaultAdvPurchaseAccountId": 58,
        "defaultRealizeGlAccountId": 61,
        "name": "Indonesian Rupiah",
        "codeSymbol": "IDR Rp",
        "id": 50,
        "defaultApAccountId": 56,
        "defaultUnrealizeGlAccountId": 62,
        "converterTypeName": "1 IDR=XXX IDR"
      },
      "id": 3750,
      "currencyId": 50
    },
    "dataClassification8Id": null,
    "glYear": 2025,
    "dataClassification6Id": null,
    "primeAmount": 14000,
    "workOrder": null,
    "dataClassification1": null,
    "amountType": "DEBIT",
    "branchId": 50,
    "dataClassification3Id": null,
    "dataClassification3": null,
    "dataClassification1Id": null,
    "reconciled": false,
    "dataClassification2": null,
    "dataClassification5": null,
    "dataClassification4": null,
    "dataClassification7": null,
    "dataClassification6": null,
    "dataClassification9": null,
    "dataClassification8": null,
    "debitAmount": 14000,
    "baseAmount": 14000,
    "fixedAssetId": null,
    "workOrderId": null,
    "creditAmount": null,
    "projectId": null,
    "dataClassification10": null,
    "journalId": 85335,
    "glAccountId": 3750,
    "description": null,
    "transactionDateView": "12 Feb 2025",
    "rate": 1,
    "vendor": null,
    "customerId": null,
    "dataClassification10Id": null,
    "dataClassification9Id": null,
    "department": null,
    "dataClassification7Id": null,
    "seq": 4,
    "refJournalId": null,
    "dataClassification5Id": null,
    "dataClassification4Id": null,
    "dataClassification2Id": null,
    "amount": 14000,
    "employeeId": null,
    "transactionDate": "12/02/2025",
    "deleted": false,
    "countDelete": 1,
    "accountNameRef": "Biaya Penjualan Merchant Online",
    "receiveItemId": null,
    "accountNoRef": "6000.01.36",
    "customer": null
  },
  {
    "glPeriod": 2,
    "departmentId": null,
    "optLock": 0,
    "vendorId": null,
    "project": null,
    "memo": "BREW - UANG MASUK STRADA LA.PIAZZA 11/02/2025",
    "employee": null,
    "branch": {
      "optLock": 0,
      "posTableCount3": null,
      "posTableCount4": null,
      "posTableCount1": null,
      "posTableCount2": null,
      "posWarehouseId": null,
      "posServiceChargeValue": null,
      "locationId": 50,
      "posRoundingType": null,
      "posTableArea2": null,
      "posTableArea1": null,
      "id": 50,
      "posEnableTakeAway": false,
      "posTableArea5": null,
      "posTableArea4": null,
      "posTaxable": false,
      "posTableArea3": null,
      "posBranchCode": null,
      "posServiceChargeType": null,
      "defaultBranch": true,
      "suspended": false,
      "posTableCount5": null,
      "phoneNumber": null,
      "posEnableDelivery": false,
      "name": "Kantor Pusat",
      "userRoleId": null,
      "nitku": null
    },
    "receiveItem": null,
    "uniqueCostCenter": null,
    "subsidiaryName": "",
    "recalcCost": false,
    "id": 186098,
    "glAccount": {
      "bankAccount": null,
      "bankAccountName": null,
      "bankCode": null,
      "no": "1000.01.01",
      "sub": true,
      "parent": {
        "bankAccount": null,
        "bankAccountName": null,
        "bankCode": null,
        "no": "1000.01",
        "sub": false,
        "parent": {
          "bankAccount": null,
          "bankAccountName": null,
          "bankCode": null,
          "no": null,
          "sub": false,
          "parent": null,
          "lvl": 0,
          "accountType": null,
          "optLock": 0,
          "memo": null,
          "accountTypeName": "",
          "parentNode": true,
          "nameWithIndent": "Root",
          "suspended": false,
          "autoNumberTransactionId": null,
          "nameWithIndentStrip": "Root",
          "fiscal": false,
          "noWithIndent": "null",
          "name": "Root",
          "id": 50,
          "currencyId": null
        },
        "lvl": 1,
        "accountType": "CASH_BANK",
        "optLock": 2,
        "memo": null,
        "accountTypeName": "Kas & Bank",
        "parentNode": true,
        "nameWithIndent": "Kas",
        "suspended": false,
        "autoNumberTransactionId": 150,
        "nameWithIndentStrip": "Kas",
        "fiscal": false,
        "noWithIndent": "1000.01",
        "name": "Kas",
        "id": 150,
        "currencyId": 50
      },
      "lvl": 2,
      "accountType": "CASH_BANK",
      "optLock": 1,
      "memo": null,
      "accountTypeName": "Kas & Bank",
      "parentNode": false,
      "nameWithIndent": "&nbsp;&nbsp;&nbsp;&nbsp;Kas Besar LPZ",
      "suspended": false,
      "autoNumberTransactionId": 151,
      "nameWithIndentStrip": "- Kas Besar LPZ",
      "fiscal": false,
      "noWithIndent": "&nbsp;&nbsp;&nbsp;&nbsp;1000.01.01",
      "name": "Kas Besar LPZ",
      "currency": {
        "defaultArAccountId": 57,
        "symbol": "Rp",
        "code": "IDR",
        "defaultSalesDiscAccountId": 60,
        "optLock": 7,
        "currencyConverterType": "TO_LOCAL",
        "defaultAdvSalesAccountId": 59,
        "exchangeRateSymbolCode": "Rp",
        "defaultAdvPurchaseAccountId": 58,
        "defaultRealizeGlAccountId": 61,
        "name": "Indonesian Rupiah",
        "codeSymbol": "IDR Rp",
        "id": 50,
        "defaultApAccountId": 56,
        "defaultUnrealizeGlAccountId": 62,
        "converterTypeName": "1 IDR=XXX IDR"
      },
      "id": 151,
      "currencyId": 50
    },
    "dataClassification8Id": null,
    "glYear": 2025,
    "dataClassification6Id": null,
    "primeAmount": 18965,
    "workOrder": null,
    "dataClassification1": null,
    "amountType": "CREDIT",
    "branchId": 50,
    "dataClassification3Id": null,
    "dataClassification3": null,
    "dataClassification1Id": null,
    "reconciled": false,
    "dataClassification2": null,
    "dataClassification5": null,
    "dataClassification4": null,
    "dataClassification7": null,
    "dataClassification6": null,
    "dataClassification9": null,
    "dataClassification8": null,
    "debitAmount": null,
    "baseAmount": -18965,
    "fixedAssetId": null,
    "workOrderId": null,
    "creditAmount": 18965,
    "projectId": null,
    "dataClassification10": null,
    "journalId": 85335,
    "glAccountId": 151,
    "description": null,
    "transactionDateView": "12 Feb 2025",
    "rate": 1,
    "vendor": null,
    "customerId": null,
    "dataClassification10Id": null,
    "dataClassification9Id": null,
    "department": null,
    "dataClassification7Id": null,
    "seq": 5,
    "refJournalId": null,
    "dataClassification5Id": null,
    "dataClassification4Id": null,
    "dataClassification2Id": null,
    "amount": 18965,
    "employeeId": null,
    "transactionDate": "12/02/2025",
    "deleted": false,
    "countDelete": 1,
    "accountNameRef": "Kas Besar LPZ",
    "receiveItemId": null,
    "accountNoRef": "1000.01.01",
    "customer": null
  },
  {
    "glPeriod": 2,
    "departmentId": null,
    "optLock": 0,
    "vendorId": null,
    "project": null,
    "memo": "BREW - UANG MASUK STRADA LA.PIAZZA 11/02/2025",
    "employee": null,
    "branch": {
      "optLock": 0,
      "posTableCount3": null,
      "posTableCount4": null,
      "posTableCount1": null,
      "posTableCount2": null,
      "posWarehouseId": null,
      "posServiceChargeValue": null,
      "locationId": 50,
      "posRoundingType": null,
      "posTableArea2": null,
      "posTableArea1": null,
      "id": 50,
      "posEnableTakeAway": false,
      "posTableArea5": null,
      "posTableArea4": null,
      "posTaxable": false,
      "posTableArea3": null,
      "posBranchCode": null,
      "posServiceChargeType": null,
      "defaultBranch": true,
      "suspended": false,
      "posTableCount5": null,
      "phoneNumber": null,
      "posEnableDelivery": false,
      "name": "Kantor Pusat",
      "userRoleId": null,
      "nitku": null
    },
    "receiveItem": null,
    "uniqueCostCenter": null,
    "subsidiaryName": "Bank BCA",
    "recalcCost": false,
    "id": 186099,
    "glAccount": {
      "bankAccount": null,
      "bankAccountName": null,
      "bankCode": null,
      "no": "1100.01",
      "sub": true,
      "parent": {
        "bankAccount": null,
        "bankAccountName": null,
        "bankCode": null,
        "no": "1100",
        "sub": false,
        "parent": {
          "bankAccount": null,
          "bankAccountName": null,
          "bankCode": null,
          "no": null,
          "sub": false,
          "parent": null,
          "lvl": 0,
          "accountType": null,
          "optLock": 0,
          "memo": null,
          "accountTypeName": "",
          "parentNode": true,
          "nameWithIndent": "Root",
          "suspended": false,
          "autoNumberTransactionId": null,
          "nameWithIndentStrip": "Root",
          "fiscal": false,
          "noWithIndent": "null",
          "name": "Root",
          "id": 50,
          "currencyId": null
        },
        "lvl": 1,
        "accountType": "ACCOUNT_RECEIVABLE",
        "optLock": 1,
        "memo": null,
        "accountTypeName": "Piutang Usaha",
        "parentNode": true,
        "nameWithIndent": "Piutang Usaha",
        "suspended": false,
        "autoNumberTransactionId": null,
        "nameWithIndentStrip": "Piutang Usaha",
        "fiscal": false,
        "noWithIndent": "1100",
        "name": "Piutang Usaha",
        "id": 52,
        "currencyId": 50
      },
      "lvl": 2,
      "accountType": "ACCOUNT_RECEIVABLE",
      "optLock": 2,
      "memo": null,
      "accountTypeName": "Piutang Usaha",
      "parentNode": false,
      "nameWithIndent": "&nbsp;&nbsp;&nbsp;&nbsp;Piutang Usaha LPZ",
      "suspended": false,
      "autoNumberTransactionId": null,
      "nameWithIndentStrip": "- Piutang Usaha LPZ",
      "fiscal": false,
      "noWithIndent": "&nbsp;&nbsp;&nbsp;&nbsp;1100.01",
      "name": "Piutang Usaha LPZ",
      "currency": {
        "defaultArAccountId": 57,
        "symbol": "Rp",
        "code": "IDR",
        "defaultSalesDiscAccountId": 60,
        "optLock": 7,
        "currencyConverterType": "TO_LOCAL",
        "defaultAdvSalesAccountId": 59,
        "exchangeRateSymbolCode": "Rp",
        "defaultAdvPurchaseAccountId": 58,
        "defaultRealizeGlAccountId": 61,
        "name": "Indonesian Rupiah",
        "codeSymbol": "IDR Rp",
        "id": 50,
        "defaultApAccountId": 56,
        "defaultUnrealizeGlAccountId": 62,
        "converterTypeName": "1 IDR=XXX IDR"
      },
      "id": 57,
      "currencyId": 50
    },
    "dataClassification8Id": null,
    "glYear": 2025,
    "dataClassification6Id": null,
    "primeAmount": 1999525,
    "workOrder": null,
    "dataClassification1": null,
    "amountType": "CREDIT",
    "branchId": 50,
    "dataClassification3Id": null,
    "dataClassification3": null,
    "dataClassification1Id": null,
    "reconciled": false,
    "dataClassification2": null,
    "dataClassification5": null,
    "dataClassification4": null,
    "dataClassification7": null,
    "dataClassification6": null,
    "dataClassification9": null,
    "dataClassification8": null,
    "debitAmount": null,
    "baseAmount": -1999525,
    "fixedAssetId": null,
    "workOrderId": null,
    "creditAmount": 1999525,
    "projectId": null,
    "dataClassification10": null,
    "journalId": 85335,
    "glAccountId": 57,
    "description": null,
    "subsidiaryType": "CUSTOMER",
    "transactionDateView": "12 Feb 2025",
    "rate": 1,
    "vendor": null,
    "customerId": 12700,
    "dataClassification10Id": null,
    "dataClassification9Id": null,
    "department": null,
    "dataClassification7Id": null,
    "seq": 6,
    "refJournalId": null,
    "dataClassification5Id": null,
    "dataClassification4Id": null,
    "dataClassification2Id": null,
    "amount": 1999525,
    "employeeId": null,
    "transactionDate": "12/02/2025",
    "deleted": false,
    "countDelete": 1,
    "accountNameRef": "Piutang Usaha LPZ",
    "receiveItemId": null,
    "accountNoRef": "1100.01",
    "customer": {
      "documentCode": "DIGUNGGUNG",
      "referenceCustomerLimitId": null,
      "salesAccountId": null,
      "consignmentStore": false,
      "charField8": null,
      "customerLimitAmountValue": 0,
      "charField9": null,
      "charField6": null,
      "charField7": null,
      "numericField10": null,
      "idCard": null,
      "charField4": null,
      "charField5": null,
      "optLock": 1,
      "customerLimitAge": false,
      "salesReturnAccountId": null,
      "defaultIncTax": false,
      "groupCustomerLimit": false,
      "charField2": null,
      "charField3": null,
      "charField1": null,
      "id": 12700,
      "salesman3Id": null,
      "costOfGoodsSoldAccountId": null,
      "currencyId": 50,
      "customerSalesDiscountAccountId": null,
      "salesman5Id": null,
      "dateField2": null,
      "branchId": null,
      "wpNumber": null,
      "shipSameAsBill": true,
      "dateField1": null,
      "defaultTermId": 51,
      "pkpNo": null,
      "npwpNo": null,
      "documentTransaction": null,
      "suspended": false,
      "warehouseId": null,
      "name": "Bank BCA",
      "defaultInvoiceDesc": null,
      "charField10": null,
      "notesIdTax": null,
      "salesDiscountAccountId": null,
      "wpType": null,
      "customerSalesReturnAccountId": null,
      "countryCode": null,
      "shipAddressId": 12950,
      "customerSalesAccountId": null,
      "wpName": "Bank BCA",
      "itemDiscountAccountId": null,
      "customerTaxType": "BKN_PEMUNGUT_PPN",
      "salesman4Id": null,
      "taxSameAsBill": true,
      "customerLimitAgeValue": null,
      "taxAddressId": 12950,
      "attachmentExist": false,
      "salesman2Id": null,
      "customerItemDiscountAccountId": null,
      "customerCostOfGoodsSoldAccountId": null,
      "defaultSalesmanId": null,
      "priceCategoryId": 50,
      "defaultWarehouseId": null,
      "billAddressId": 12950,
      "reseller": false,
      "customerNoVa": null,
      "numericField9": null,
      "defaultSalesDisc": null,
      "numericField8": null,
      "numericField7": null,
      "numericField6": null,
      "numericField5": null,
      "numericField4": null,
      "efakturSendEmail": null,
      "numericField3": null,
      "numericField2": null,
      "numericField1": null,
      "nitku": null,
      "customerLimitAmount": false,
      "discountCategoryId": 50,
      "customerNo": "C.00045",
      "categoryId": 51
    }
  },
  {
    "glPeriod": 2,
    "departmentId": null,
    "optLock": 0,
    "vendorId": null,
    "project": null,
    "memo": "BREW - UANG MASUK STRADA LA.PIAZZA 11/02/2025",
    "employee": null,
    "branch": {
      "optLock": 0,
      "posTableCount3": null,
      "posTableCount4": null,
      "posTableCount1": null,
      "posTableCount2": null,
      "posWarehouseId": null,
      "posServiceChargeValue": null,
      "locationId": 50,
      "posRoundingType": null,
      "posTableArea2": null,
      "posTableArea1": null,
      "id": 50,
      "posEnableTakeAway": false,
      "posTableArea5": null,
      "posTableArea4": null,
      "posTaxable": false,
      "posTableArea3": null,
      "posBranchCode": null,
      "posServiceChargeType": null,
      "defaultBranch": true,
      "suspended": false,
      "posTableCount5": null,
      "phoneNumber": null,
      "posEnableDelivery": false,
      "name": "Kantor Pusat",
      "userRoleId": null,
      "nitku": null
    },
    "receiveItem": null,
    "uniqueCostCenter": null,
    "subsidiaryName": "Bank BCA",
    "recalcCost": false,
    "id": 186800,
    "glAccount": {
      "bankAccount": null,
      "bankAccountName": null,
      "bankCode": null,
      "no": "1100.01",
      "sub": true,
      "parent": {
        "bankAccount": null,
        "bankAccountName": null,
        "bankCode": null,
        "no": "1100",
        "sub": false,
        "parent": {
          "bankAccount": null,
          "bankAccountName": null,
          "bankCode": null,
          "no": null,
          "sub": false,
          "parent": null,
          "lvl": 0,
          "accountType": null,
          "optLock": 0,
          "memo": null,
          "accountTypeName": "",
          "parentNode": true,
          "nameWithIndent": "Root",
          "suspended": false,
          "autoNumberTransactionId": null,
          "nameWithIndentStrip": "Root",
          "fiscal": false,
          "noWithIndent": "null",
          "name": "Root",
          "id": 50,
          "currencyId": null
        },
        "lvl": 1,
        "accountType": "ACCOUNT_RECEIVABLE",
        "optLock": 1,
        "memo": null,
        "accountTypeName": "Piutang Usaha",
        "parentNode": true,
        "nameWithIndent": "Piutang Usaha",
        "suspended": false,
        "autoNumberTransactionId": null,
        "nameWithIndentStrip": "Piutang Usaha",
        "fiscal": false,
        "noWithIndent": "1100",
        "name": "Piutang Usaha",
        "id": 52,
        "currencyId": 50
      },
      "lvl": 2,
      "accountType": "ACCOUNT_RECEIVABLE",
      "optLock": 2,
      "memo": null,
      "accountTypeName": "Piutang Usaha",
      "parentNode": false,
      "nameWithIndent": "&nbsp;&nbsp;&nbsp;&nbsp;Piutang Usaha LPZ",
      "suspended": false,
      "autoNumberTransactionId": null,
      "nameWithIndentStrip": "- Piutang Usaha LPZ",
      "fiscal": false,
      "noWithIndent": "&nbsp;&nbsp;&nbsp;&nbsp;1100.01",
      "name": "Piutang Usaha LPZ",
      "currency": {
        "defaultArAccountId": 57,
        "symbol": "Rp",
        "code": "IDR",
        "defaultSalesDiscAccountId": 60,
        "optLock": 7,
        "currencyConverterType": "TO_LOCAL",
        "defaultAdvSalesAccountId": 59,
        "exchangeRateSymbolCode": "Rp",
        "defaultAdvPurchaseAccountId": 58,
        "defaultRealizeGlAccountId": 61,
        "name": "Indonesian Rupiah",
        "codeSymbol": "IDR Rp",
        "id": 50,
        "defaultApAccountId": 56,
        "defaultUnrealizeGlAccountId": 62,
        "converterTypeName": "1 IDR=XXX IDR"
      },
      "id": 57,
      "currencyId": 50
    },
    "dataClassification8Id": null,
    "glYear": 2025,
    "dataClassification6Id": null,
    "primeAmount": 1970105,
    "workOrder": null,
    "dataClassification1": null,
    "amountType": "CREDIT",
    "branchId": 50,
    "dataClassification3Id": null,
    "dataClassification3": null,
    "dataClassification1Id": null,
    "reconciled": false,
    "dataClassification2": null,
    "dataClassification5": null,
    "dataClassification4": null,
    "dataClassification7": null,
    "dataClassification6": null,
    "dataClassification9": null,
    "dataClassification8": null,
    "debitAmount": null,
    "baseAmount": -1970105,
    "fixedAssetId": null,
    "workOrderId": null,
    "creditAmount": 1970105,
    "projectId": null,
    "dataClassification10": null,
    "journalId": 85335,
    "glAccountId": 57,
    "description": null,
    "subsidiaryType": "CUSTOMER",
    "transactionDateView": "12 Feb 2025",
    "rate": 1,
    "vendor": null,
    "customerId": 12700,
    "dataClassification10Id": null,
    "dataClassification9Id": null,
    "department": null,
    "dataClassification7Id": null,
    "seq": 7,
    "refJournalId": null,
    "dataClassification5Id": null,
    "dataClassification4Id": null,
    "dataClassification2Id": null,
    "amount": 1970105,
    "employeeId": null,
    "transactionDate": "12/02/2025",
    "deleted": false,
    "countDelete": 1,
    "accountNameRef": "Piutang Usaha LPZ",
    "receiveItemId": null,
    "accountNoRef": "1100.01",
    "customer": {
      "documentCode": "DIGUNGGUNG",
      "referenceCustomerLimitId": null,
      "salesAccountId": null,
      "consignmentStore": false,
      "charField8": null,
      "customerLimitAmountValue": 0,
      "charField9": null,
      "charField6": null,
      "charField7": null,
      "numericField10": null,
      "idCard": null,
      "charField4": null,
      "charField5": null,
      "optLock": 1,
      "customerLimitAge": false,
      "salesReturnAccountId": null,
      "defaultIncTax": false,
      "groupCustomerLimit": false,
      "charField2": null,
      "charField3": null,
      "charField1": null,
      "id": 12700,
      "salesman3Id": null,
      "costOfGoodsSoldAccountId": null,
      "currencyId": 50,
      "customerSalesDiscountAccountId": null,
      "salesman5Id": null,
      "dateField2": null,
      "branchId": null,
      "wpNumber": null,
      "shipSameAsBill": true,
      "dateField1": null,
      "defaultTermId": 51,
      "pkpNo": null,
      "npwpNo": null,
      "documentTransaction": null,
      "suspended": false,
      "warehouseId": null,
      "name": "Bank BCA",
      "defaultInvoiceDesc": null,
      "charField10": null,
      "notesIdTax": null,
      "salesDiscountAccountId": null,
      "wpType": null,
      "customerSalesReturnAccountId": null,
      "countryCode": null,
      "shipAddressId": 12950,
      "customerSalesAccountId": null,
      "wpName": "Bank BCA",
      "itemDiscountAccountId": null,
      "customerTaxType": "BKN_PEMUNGUT_PPN",
      "salesman4Id": null,
      "taxSameAsBill": true,
      "customerLimitAgeValue": null,
      "taxAddressId": 12950,
      "attachmentExist": false,
      "salesman2Id": null,
      "customerItemDiscountAccountId": null,
      "customerCostOfGoodsSoldAccountId": null,
      "defaultSalesmanId": null,
      "priceCategoryId": 50,
      "defaultWarehouseId": null,
      "billAddressId": 12950,
      "reseller": false,
      "customerNoVa": null,
      "numericField9": null,
      "defaultSalesDisc": null,
      "numericField8": null,
      "numericField7": null,
      "numericField6": null,
      "numericField5": null,
      "numericField4": null,
      "efakturSendEmail": null,
      "numericField3": null,
      "numericField2": null,
      "numericField1": null,
      "nitku": null,
      "customerLimitAmount": false,
      "discountCategoryId": 50,
      "customerNo": "C.00045",
      "categoryId": 51
    }
  },
  {
    "glPeriod": 2,
    "departmentId": null,
    "optLock": 0,
    "vendorId": null,
    "project": null,
    "memo": "BREW - UANG MASUK STRADA LA.PIAZZA 11/02/2025",
    "employee": null,
    "branch": {
      "optLock": 0,
      "posTableCount3": null,
      "posTableCount4": null,
      "posTableCount1": null,
      "posTableCount2": null,
      "posWarehouseId": null,
      "posServiceChargeValue": null,
      "locationId": 50,
      "posRoundingType": null,
      "posTableArea2": null,
      "posTableArea1": null,
      "id": 50,
      "posEnableTakeAway": false,
      "posTableArea5": null,
      "posTableArea4": null,
      "posTaxable": false,
      "posTableArea3": null,
      "posBranchCode": null,
      "posServiceChargeType": null,
      "defaultBranch": true,
      "suspended": false,
      "posTableCount5": null,
      "phoneNumber": null,
      "posEnableDelivery": false,
      "name": "Kantor Pusat",
      "userRoleId": null,
      "nitku": null
    },
    "receiveItem": null,
    "uniqueCostCenter": null,
    "subsidiaryName": "Bank BCA",
    "recalcCost": false,
    "id": 186801,
    "glAccount": {
      "bankAccount": null,
      "bankAccountName": null,
      "bankCode": null,
      "no": "1100.01",
      "sub": true,
      "parent": {
        "bankAccount": null,
        "bankAccountName": null,
        "bankCode": null,
        "no": "1100",
        "sub": false,
        "parent": {
          "bankAccount": null,
          "bankAccountName": null,
          "bankCode": null,
          "no": null,
          "sub": false,
          "parent": null,
          "lvl": 0,
          "accountType": null,
          "optLock": 0,
          "memo": null,
          "accountTypeName": "",
          "parentNode": true,
          "nameWithIndent": "Root",
          "suspended": false,
          "autoNumberTransactionId": null,
          "nameWithIndentStrip": "Root",
          "fiscal": false,
          "noWithIndent": "null",
          "name": "Root",
          "id": 50,
          "currencyId": null
        },
        "lvl": 1,
        "accountType": "ACCOUNT_RECEIVABLE",
        "optLock": 1,
        "memo": null,
        "accountTypeName": "Piutang Usaha",
        "parentNode": true,
        "nameWithIndent": "Piutang Usaha",
        "suspended": false,
        "autoNumberTransactionId": null,
        "nameWithIndentStrip": "Piutang Usaha",
        "fiscal": false,
        "noWithIndent": "1100",
        "name": "Piutang Usaha",
        "id": 52,
        "currencyId": 50
      },
      "lvl": 2,
      "accountType": "ACCOUNT_RECEIVABLE",
      "optLock": 2,
      "memo": null,
      "accountTypeName": "Piutang Usaha",
      "parentNode": false,
      "nameWithIndent": "&nbsp;&nbsp;&nbsp;&nbsp;Piutang Usaha LPZ",
      "suspended": false,
      "autoNumberTransactionId": null,
      "nameWithIndentStrip": "- Piutang Usaha LPZ",
      "fiscal": false,
      "noWithIndent": "&nbsp;&nbsp;&nbsp;&nbsp;1100.01",
      "name": "Piutang Usaha LPZ",
      "currency": {
        "defaultArAccountId": 57,
        "symbol": "Rp",
        "code": "IDR",
        "defaultSalesDiscAccountId": 60,
        "optLock": 7,
        "currencyConverterType": "TO_LOCAL",
        "defaultAdvSalesAccountId": 59,
        "exchangeRateSymbolCode": "Rp",
        "defaultAdvPurchaseAccountId": 58,
        "defaultRealizeGlAccountId": 61,
        "name": "Indonesian Rupiah",
        "codeSymbol": "IDR Rp",
        "id": 50,
        "defaultApAccountId": 56,
        "defaultUnrealizeGlAccountId": 62,
        "converterTypeName": "1 IDR=XXX IDR"
      },
      "id": 57,
      "currencyId": 50
    },
    "dataClassification8Id": null,
    "glYear": 2025,
    "dataClassification6Id": null,
    "primeAmount": 6603675,
    "workOrder": null,
    "dataClassification1": null,
    "amountType": "CREDIT",
    "branchId": 50,
    "dataClassification3Id": null,
    "dataClassification3": null,
    "dataClassification1Id": null,
    "reconciled": false,
    "dataClassification2": null,
    "dataClassification5": null,
    "dataClassification4": null,
    "dataClassification7": null,
    "dataClassification6": null,
    "dataClassification9": null,
    "dataClassification8": null,
    "debitAmount": null,
    "baseAmount": -6603675,
    "fixedAssetId": null,
    "workOrderId": null,
    "creditAmount": 6603675,
    "projectId": null,
    "dataClassification10": null,
    "journalId": 85335,
    "glAccountId": 57,
    "description": null,
    "subsidiaryType": "CUSTOMER",
    "transactionDateView": "12 Feb 2025",
    "rate": 1,
    "vendor": null,
    "customerId": 12700,
    "dataClassification10Id": null,
    "dataClassification9Id": null,
    "department": null,
    "dataClassification7Id": null,
    "seq": 8,
    "refJournalId": null,
    "dataClassification5Id": null,
    "dataClassification4Id": null,
    "dataClassification2Id": null,
    "amount": 6603675,
    "employeeId": null,
    "transactionDate": "12/02/2025",
    "deleted": false,
    "countDelete": 1,
    "accountNameRef": "Piutang Usaha LPZ",
    "receiveItemId": null,
    "accountNoRef": "1100.01",
    "customer": {
      "documentCode": "DIGUNGGUNG",
      "referenceCustomerLimitId": null,
      "salesAccountId": null,
      "consignmentStore": false,
      "charField8": null,
      "customerLimitAmountValue": 0,
      "charField9": null,
      "charField6": null,
      "charField7": null,
      "numericField10": null,
      "idCard": null,
      "charField4": null,
      "charField5": null,
      "optLock": 1,
      "customerLimitAge": false,
      "salesReturnAccountId": null,
      "defaultIncTax": false,
      "groupCustomerLimit": false,
      "charField2": null,
      "charField3": null,
      "charField1": null,
      "id": 12700,
      "salesman3Id": null,
      "costOfGoodsSoldAccountId": null,
      "currencyId": 50,
      "customerSalesDiscountAccountId": null,
      "salesman5Id": null,
      "dateField2": null,
      "branchId": null,
      "wpNumber": null,
      "shipSameAsBill": true,
      "dateField1": null,
      "defaultTermId": 51,
      "pkpNo": null,
      "npwpNo": null,
      "documentTransaction": null,
      "suspended": false,
      "warehouseId": null,
      "name": "Bank BCA",
      "defaultInvoiceDesc": null,
      "charField10": null,
      "notesIdTax": null,
      "salesDiscountAccountId": null,
      "wpType": null,
      "customerSalesReturnAccountId": null,
      "countryCode": null,
      "shipAddressId": 12950,
      "customerSalesAccountId": null,
      "wpName": "Bank BCA",
      "itemDiscountAccountId": null,
      "customerTaxType": "BKN_PEMUNGUT_PPN",
      "salesman4Id": null,
      "taxSameAsBill": true,
      "customerLimitAgeValue": null,
      "taxAddressId": 12950,
      "attachmentExist": false,
      "salesman2Id": null,
      "customerItemDiscountAccountId": null,
      "customerCostOfGoodsSoldAccountId": null,
      "defaultSalesmanId": null,
      "priceCategoryId": 50,
      "defaultWarehouseId": null,
      "billAddressId": 12950,
      "reseller": false,
      "customerNoVa": null,
      "numericField9": null,
      "defaultSalesDisc": null,
      "numericField8": null,
      "numericField7": null,
      "numericField6": null,
      "numericField5": null,
      "numericField4": null,
      "efakturSendEmail": null,
      "numericField3": null,
      "numericField2": null,
      "numericField1": null,
      "nitku": null,
      "customerLimitAmount": false,
      "discountCategoryId": 50,
      "customerNo": "C.00045",
      "categoryId": 51
    }
  },
  {
    "glPeriod": 2,
    "departmentId": null,
    "optLock": 0,
    "vendorId": null,
    "project": null,
    "memo": "BREW - UANG MASUK STRADA LA.PIAZZA 11/02/2025",
    "employee": null,
    "branch": {
      "optLock": 0,
      "posTableCount3": null,
      "posTableCount4": null,
      "posTableCount1": null,
      "posTableCount2": null,
      "posWarehouseId": null,
      "posServiceChargeValue": null,
      "locationId": 50,
      "posRoundingType": null,
      "posTableArea2": null,
      "posTableArea1": null,
      "id": 50,
      "posEnableTakeAway": false,
      "posTableArea5": null,
      "posTableArea4": null,
      "posTaxable": false,
      "posTableArea3": null,
      "posBranchCode": null,
      "posServiceChargeType": null,
      "defaultBranch": true,
      "suspended": false,
      "posTableCount5": null,
      "phoneNumber": null,
      "posEnableDelivery": false,
      "name": "Kantor Pusat",
      "userRoleId": null,
      "nitku": null
    },
    "receiveItem": null,
    "uniqueCostCenter": null,
    "subsidiaryName": "Gobiz",
    "recalcCost": false,
    "id": 186802,
    "glAccount": {
      "bankAccount": null,
      "bankAccountName": null,
      "bankCode": null,
      "no": "1100.06",
      "sub": true,
      "parent": {
        "bankAccount": null,
        "bankAccountName": null,
        "bankCode": null,
        "no": "1100",
        "sub": false,
        "parent": {
          "bankAccount": null,
          "bankAccountName": null,
          "bankCode": null,
          "no": null,
          "sub": false,
          "parent": null,
          "lvl": 0,
          "accountType": null,
          "optLock": 0,
          "memo": null,
          "accountTypeName": "",
          "parentNode": true,
          "nameWithIndent": "Root",
          "suspended": false,
          "autoNumberTransactionId": null,
          "nameWithIndentStrip": "Root",
          "fiscal": false,
          "noWithIndent": "null",
          "name": "Root",
          "id": 50,
          "currencyId": null
        },
        "lvl": 1,
        "accountType": "ACCOUNT_RECEIVABLE",
        "optLock": 1,
        "memo": null,
        "accountTypeName": "Piutang Usaha",
        "parentNode": true,
        "nameWithIndent": "Piutang Usaha",
        "suspended": false,
        "autoNumberTransactionId": null,
        "nameWithIndentStrip": "Piutang Usaha",
        "fiscal": false,
        "noWithIndent": "1100",
        "name": "Piutang Usaha",
        "id": 52,
        "currencyId": 50
      },
      "lvl": 2,
      "accountType": "ACCOUNT_RECEIVABLE",
      "optLock": 1,
      "memo": null,
      "accountTypeName": "Piutang Usaha",
      "parentNode": false,
      "nameWithIndent": "&nbsp;&nbsp;&nbsp;&nbsp;Piutang Gobiz LPZ",
      "suspended": false,
      "autoNumberTransactionId": null,
      "nameWithIndentStrip": "- Piutang Gobiz LPZ",
      "fiscal": false,
      "noWithIndent": "&nbsp;&nbsp;&nbsp;&nbsp;1100.06",
      "name": "Piutang Gobiz LPZ",
      "currency": {
        "defaultArAccountId": 57,
        "symbol": "Rp",
        "code": "IDR",
        "defaultSalesDiscAccountId": 60,
        "optLock": 7,
        "currencyConverterType": "TO_LOCAL",
        "defaultAdvSalesAccountId": 59,
        "exchangeRateSymbolCode": "Rp",
        "defaultAdvPurchaseAccountId": 58,
        "defaultRealizeGlAccountId": 61,
        "name": "Indonesian Rupiah",
        "codeSymbol": "IDR Rp",
        "id": 50,
        "defaultApAccountId": 56,
        "defaultUnrealizeGlAccountId": 62,
        "converterTypeName": "1 IDR=XXX IDR"
      },
      "id": 1351,
      "currencyId": 50
    },
    "dataClassification8Id": null,
    "glYear": 2025,
    "dataClassification6Id": null,
    "primeAmount": 71500,
    "workOrder": null,
    "dataClassification1": null,
    "amountType": "CREDIT",
    "branchId": 50,
    "dataClassification3Id": null,
    "dataClassification3": null,
    "dataClassification1Id": null,
    "reconciled": false,
    "dataClassification2": null,
    "dataClassification5": null,
    "dataClassification4": null,
    "dataClassification7": null,
    "dataClassification6": null,
    "dataClassification9": null,
    "dataClassification8": null,
    "debitAmount": null,
    "baseAmount": -71500,
    "fixedAssetId": null,
    "workOrderId": null,
    "creditAmount": 71500,
    "projectId": null,
    "dataClassification10": null,
    "journalId": 85335,
    "glAccountId": 1351,
    "description": null,
    "subsidiaryType": "CUSTOMER",
    "transactionDateView": "12 Feb 2025",
    "rate": 1,
    "vendor": null,
    "customerId": 4150,
    "dataClassification10Id": null,
    "dataClassification9Id": null,
    "department": null,
    "dataClassification7Id": null,
    "seq": 9,
    "refJournalId": null,
    "dataClassification5Id": null,
    "dataClassification4Id": null,
    "dataClassification2Id": null,
    "amount": 71500,
    "employeeId": null,
    "transactionDate": "12/02/2025",
    "deleted": false,
    "countDelete": 1,
    "accountNameRef": "Piutang Gobiz LPZ",
    "receiveItemId": null,
    "accountNoRef": "1100.06",
    "customer": {
      "documentCode": "DIGUNGGUNG",
      "referenceCustomerLimitId": null,
      "salesAccountId": null,
      "consignmentStore": false,
      "charField8": null,
      "customerLimitAmountValue": 0,
      "charField9": null,
      "charField6": null,
      "charField7": null,
      "numericField10": null,
      "idCard": null,
      "charField4": null,
      "charField5": null,
      "optLock": 1,
      "customerLimitAge": false,
      "salesReturnAccountId": null,
      "defaultIncTax": false,
      "groupCustomerLimit": false,
      "charField2": null,
      "charField3": null,
      "charField1": null,
      "id": 4150,
      "salesman3Id": null,
      "costOfGoodsSoldAccountId": null,
      "currencyId": 50,
      "customerSalesDiscountAccountId": null,
      "salesman5Id": null,
      "dateField2": null,
      "branchId": null,
      "wpNumber": null,
      "shipSameAsBill": true,
      "dateField1": null,
      "defaultTermId": 51,
      "pkpNo": null,
      "npwpNo": null,
      "documentTransaction": null,
      "suspended": false,
      "warehouseId": null,
      "name": "Gobiz",
      "defaultInvoiceDesc": null,
      "charField10": null,
      "notesIdTax": null,
      "salesDiscountAccountId": null,
      "wpType": null,
      "customerSalesReturnAccountId": null,
      "countryCode": null,
      "shipAddressId": 4250,
      "customerSalesAccountId": null,
      "wpName": "Gobiz",
      "itemDiscountAccountId": null,
      "customerTaxType": "BKN_PEMUNGUT_PPN",
      "salesman4Id": null,
      "taxSameAsBill": true,
      "customerLimitAgeValue": null,
      "taxAddressId": 4250,
      "attachmentExist": false,
      "salesman2Id": null,
      "customerItemDiscountAccountId": null,
      "customerCostOfGoodsSoldAccountId": null,
      "defaultSalesmanId": null,
      "priceCategoryId": 50,
      "defaultWarehouseId": null,
      "billAddressId": 4250,
      "reseller": false,
      "customerNoVa": null,
      "numericField9": null,
      "defaultSalesDisc": null,
      "numericField8": null,
      "numericField7": null,
      "numericField6": null,
      "numericField5": null,
      "numericField4": null,
      "efakturSendEmail": null,
      "numericField3": null,
      "numericField2": null,
      "numericField1": null,
      "nitku": null,
      "customerLimitAmount": false,
      "discountCategoryId": 50,
      "customerNo": "C.00006",
      "categoryId": 51
    }
  }
]

  ⏭️  SKIP (no Kas Besar DEBIT)  85335                     | BREW - UANG MASUK STRADA LA.PIAZZA 11/02/2025

Perlu diubah       : 0
Tidak ada perubahan: 1
Gagal fetch detail : 0

Tidak ada jurnal yang perlu dipatch.
